
Memory Configuration

Name             Origin             Length             Attributes
Flash            0x08000000         0x00020000         xr
SRAM             0x20000000         0x00005000         xrw
*default*        0x00000000         0xffffffff

Linker script and memory map


.text           0x08000000      0x18c
 *(.vectors*)
 .vectors       0x08000000       0x1c startup.o
                0x08000000                vectors
 *(.text*)
 .text          0x0800001c       0xb4 main.o
                0x0800001c                main
 .text          0x080000d0       0xbc startup.o
                0x080000d0                reset_handeler
                0x08000180                Usage_Fault_handeler
                0x08000180                NMI_handeler
                0x08000180                HardFault_handeler
                0x08000180                default_handeler
                0x08000180                Bus_Fault_handeler
                0x08000180                MM_Fault_handeler
 *(.rodata*)
                0x0800018c                _E_text = .

.glue_7         0x0800018c        0x0
 .glue_7        0x00000000        0x0 linker stubs

.glue_7t        0x0800018c        0x0
 .glue_7t       0x00000000        0x0 linker stubs

.vfp11_veneer   0x0800018c        0x0
 .vfp11_veneer  0x00000000        0x0 linker stubs

.v4_bx          0x0800018c        0x0
 .v4_bx         0x00000000        0x0 linker stubs

.iplt           0x0800018c        0x0
 .iplt          0x00000000        0x0 main.o

.rel.dyn        0x0800018c        0x0
 .rel.iplt      0x00000000        0x0 main.o

.data           0x20000000        0x4 load address 0x0800018c
                0x20000000                _S_data = .
 *(.data*)
 .data          0x20000000        0x4 main.o
                0x20000000                R_ODR
 .data          0x20000004        0x0 startup.o
                0x20000004                . = ALIGN (0x4)
                0x20000004                _E_data = .

.igot.plt       0x20000004        0x0 load address 0x08000190
 .igot.plt      0x00000000        0x0 main.o

.bss            0x20000004      0x3e8 load address 0x08000190
                0x20000004                _S_bss = .
 *(.bss*)
 .bss           0x20000004        0x0 main.o
 .bss           0x20000004        0x0 startup.o
                0x20000004                _E_bss = .
                0x20000004                . = ALIGN (0x4)
                0x200003ec                . = (. + 0x3e8)
 *fill*         0x20000004      0x3e8 
                0x200003ec                _STACK_TOP = .
LOAD main.o
LOAD startup.o
OUTPUT(Toggling_LED.elf elf32-littlearm)

.debug_info     0x00000000      0x1fa
 .debug_info    0x00000000       0xd6 main.o
 .debug_info    0x000000d6      0x124 startup.o

.debug_abbrev   0x00000000      0x167
 .debug_abbrev  0x00000000       0xbf main.o
 .debug_abbrev  0x000000bf       0xa8 startup.o

.debug_loc      0x00000000       0x9c
 .debug_loc     0x00000000       0x38 main.o
 .debug_loc     0x00000038       0x64 startup.o

.debug_aranges  0x00000000       0x40
 .debug_aranges
                0x00000000       0x20 main.o
 .debug_aranges
                0x00000020       0x20 startup.o

.debug_line     0x00000000       0xbd
 .debug_line    0x00000000       0x56 main.o
 .debug_line    0x00000056       0x67 startup.o

.debug_str      0x00000000      0x127
 .debug_str     0x00000000       0x87 main.o
 .debug_str     0x00000087       0xa0 startup.o
                                 0xf1 (size before relaxing)

.comment        0x00000000       0x11
 .comment       0x00000000       0x11 main.o
                                 0x12 (size before relaxing)
 .comment       0x00000000       0x12 startup.o

.ARM.attributes
                0x00000000       0x33
 .ARM.attributes
                0x00000000       0x33 main.o
 .ARM.attributes
                0x00000033       0x33 startup.o

.debug_frame    0x00000000       0x78
 .debug_frame   0x00000000       0x2c main.o
 .debug_frame   0x0000002c       0x4c startup.o
